// Jest Snapshot v1, https://goo.gl/fbAQLP

exports[`App should render the App component correctly 1`] = `
<Fragment>
  <ToastContainer
    autoClose={5000}
    bodyClassName={null}
    className={null}
    closeButton={
      <CloseButton
        ariaLabel="close"
      />
    }
    closeOnClick={true}
    draggable={true}
    draggablePercent={80}
    hideProgressBar={true}
    newestOnTop={false}
    pauseOnFocusLoss={true}
    pauseOnHover={true}
    position="top-right"
    progressClassName={null}
    progressStyle={null}
    role="alert"
    rtl={false}
    style={null}
    toastClassName={null}
    transition={[Function]}
  />
  <PersistGate
    loading={null}
    persistor={
      Object {
        "dispatch": [Function],
        "flush": [Function],
        "getState": [Function],
        "pause": [Function],
        "persist": [Function],
        "purge": [Function],
        "replaceReducer": [Function],
        "subscribe": [Function],
        Symbol(observable): [Function],
      }
    }
  >
    <Routes />
  </PersistGate>
</Fragment>
`;
